// Jest Snapshot v1, https://goo.gl/fbAQLP

exports[`fusePolygons 1`] = `
Array [
  Object {
    "key": "Midwest",
    "vertices": Array [
      Object {
        "x": 0.22069152777643303,
        "y": 0.07384897947723086,
      },
      Object {
        "x": 0.2089601071841638,
        "y": 0.027034695775387203,
      },
      Object {
        "x": 0.18742933077935856,
        "y": 0.13217174603531479,
      },
      Object {
        "x": 0.20475207028770973,
        "y": 0.19502318026182358,
      },
      Object {
        "x": 0.21770495090460693,
        "y": 0.23911370833694068,
      },
      Object {
        "x": 0.14084096957945416,
        "y": 0.3,
      },
      Object {
        "x": 0,
        "y": 0.3,
      },
      Object {
        "x": 0,
        "y": 0,
      },
      Object {
        "x": 0.27735094126015575,
        "y": 0,
      },
    ],
  },
  Object {
    "key": "South",
    "vertices": Array [
      Object {
        "x": 0.6149107177284888,
        "y": 0.21981997812709772,
      },
      Object {
        "x": 0.580545301695947,
        "y": 0.16546780446830217,
      },
      Object {
        "x": 0.6105954017579522,
        "y": 0.09726417525665841,
      },
      Object {
        "x": 0.5791045681599444,
        "y": 0.0436604285195686,
      },
      Object {
        "x": 0.5689087495205509,
        "y": 0,
      },
      Object {
        "x": 0.27735094126015575,
        "y": 0,
      },
      Object {
        "x": 0.22069152777643303,
        "y": 0.07384897947723086,
      },
      Object {
        "x": 0.25847661265936483,
        "y": 0.1169815046936408,
      },
      Object {
        "x": 0.18742933077935856,
        "y": 0.13217174603531479,
      },
      Object {
        "x": 0.20475207028770973,
        "y": 0.19502318026182358,
      },
      Object {
        "x": 0.21770495090460693,
        "y": 0.23911370833694068,
      },
      Object {
        "x": 0.14084096957945416,
        "y": 0.3,
      },
      Object {
        "x": 0.5419205447339661,
        "y": 0.3,
      },
    ],
  },
  Object {
    "key": "West",
    "vertices": Array [
      Object {
        "x": 0.8841217298039928,
        "y": 0,
      },
      Object {
        "x": 0.5689087495205509,
        "y": 0,
      },
      Object {
        "x": 0.5791045681599444,
        "y": 0.0436604285195686,
      },
      Object {
        "x": 0.6105954017579522,
        "y": 0.09726417525665841,
      },
      Object {
        "x": 0.580545301695947,
        "y": 0.16546780446830217,
      },
      Object {
        "x": 0.6149107177284888,
        "y": 0.21981997812709772,
      },
      Object {
        "x": 0.5419205447339661,
        "y": 0.3,
      },
      Object {
        "x": 0.7405234764147632,
        "y": 0.3,
      },
      Object {
        "x": 0.7917170685482705,
        "y": 0.2560530434164313,
      },
      Object {
        "x": 0.780719453263419,
        "y": 0.17044456136426042,
      },
      Object {
        "x": 0.8006878406527494,
        "y": 0.09123489461020409,
      },
      Object {
        "x": 0.8582487193618223,
        "y": 0.12512749493592018,
      },
      Object {
        "x": 0.8160673650588451,
        "y": 0.07078434761770484,
      },
    ],
  },
  Object {
    "key": "Northeast",
    "vertices": Array [
      Object {
        "x": 1,
        "y": 0.21731063089827807,
      },
      Object {
        "x": 1,
        "y": 0,
      },
      Object {
        "x": 0.8841217298039928,
        "y": 0,
      },
      Object {
        "x": 0.8160673650588451,
        "y": 0.07078434761770484,
      },
      Object {
        "x": 0.8582487193618223,
        "y": 0.12512749493592018,
      },
      Object {
        "x": 0.8006878406527494,
        "y": 0.09123489461020409,
      },
      Object {
        "x": 0.780719453263419,
        "y": 0.17044456136426042,
      },
      Object {
        "x": 0.7917170685482705,
        "y": 0.2560530434164313,
      },
      Object {
        "x": 0.7405234764147632,
        "y": 0.3,
      },
      Object {
        "x": 0.9320327659099618,
        "y": 0.3,
      },
      Object {
        "x": 0.8929245664331396,
        "y": 0.17062989884011562,
      },
    ],
  },
  Object {
    "key": "Canada",
    "vertices": Array [
      Object {
        "x": 0.18742933077935856,
        "y": 0.13217174603531479,
      },
      Object {
        "x": 0.2089601071841638,
        "y": 0.027034695775387203,
      },
      Object {
        "x": 0.22069152777643303,
        "y": 0.07384897947723086,
      },
      Object {
        "x": 0.25847661265936483,
        "y": 0.1169815046936408,
      },
    ],
  },
  Object {
    "key": "US Islands",
    "vertices": Array [
      Object {
        "x": 1,
        "y": 0.3,
      },
      Object {
        "x": 1,
        "y": 0.21731063089827807,
      },
      Object {
        "x": 0.8929245664331396,
        "y": 0.17062989884011562,
      },
      Object {
        "x": 0.9320327659099618,
        "y": 0.3,
      },
    ],
  },
]
`;
